Microchip MPLAB XC8 Compiler V1.33 ()

Linker command line:

-W-3 --edf=C:\Program Files\Microchip\xc8\v1.33\dat\en_msgs.txt -cs \
  -h+dist/default/production\fuzzy.X.production.sym \
  --cmf=dist/default/production\fuzzy.X.production.cmf -z -Q18F4550 \
  -oC:\Users\MCC\AppData\Local\Temp\s7as.6 \
  -Mdist/default/production/fuzzy.X.production.map -E1 -ver=XC8 \
  -ASTACK=06F0h-07ffh -pstack=STACK -ACODE=00h-07FFFh -ACONST=00h-07FFFh \
  -ASMALLCONST=0800h-08FFhx120 -AMEDIUMCONST=0800h-07FFFh -ACOMRAM=01h-05Fh \
  -AABS1=00h-07FFh -ABIGRAM=01h-07FFh -ARAM=060h-0FFh,0100h-01FFhx7 \
  -ABANK0=060h-0FFh -ABANK1=0100h-01FFh -ABANK2=0200h-02FFh \
  -ABANK3=0300h-03FFh -ABANK4=0400h-04FFh -ABANK5=0500h-05FFh \
  -ABANK6=0600h-06FFh -ABANK7=0700h-07FFh -ASFR=0F60h-0FFFh \
  -preset_vec=00h,intcode,intcodelo,powerup,init,end_init -pramtop=0800h \
  -psmallconst=SMALLCONST -pmediumconst=MEDIUMCONST -pconst=CONST \
  -AFARRAM=00h-00h -ACONFIG=0300000h-030000Dh -pconfig=CONFIG \
  -AIDLOC=0200000h-0200007h -pidloc=IDLOC -AEEDATA=0F00000h-0F000FFh \
  -peeprom_data=EEDATA \
  -prdata=COMRAM,nvrram=COMRAM,nvbit=COMRAM,rbss=COMRAM,rbit=COMRAM \
  -pfarbss=FARRAM,fardata=FARRAM,nvFARRAM=FARRAM \
  -pintsave_regs=BIGRAM,bigbss=BIGRAM,bigdata=BIGRAM -pbss=RAM \
  -pidata=CODE,irdata=CODE,ibigdata=CODE,ifardata=CODE \
  C:\Users\MCC\AppData\Local\Temp\s7as.obj \
  dist/default/production\fuzzy.X.production.obj 

Object code version is 3.11

Machine type is 18F4550

Call graph: (short form)




                Name                               Link     Load   Length Selector   Space Scale
C:\Users\MCC\AppData\Local\Temp\s7as.obj
                end_init                              0        0        4        0       0
                idloc                            200000   200000        8   200000       0
                config                           300000   300000        E   300000       0
dist/default/production\fuzzy.X.production.obj
                text31                             69EA     69EA       A8     34F5       0
                text30                             7310     7310      1AC     3988       0
                text29                             6CE8     6CE8       D6     3674       0
                text28                             6DBE     6DBE       E4     36DF       0
                text27                             667C     667C       26     333E       0
                text26                             71AE     71AE      162     38D7       0
                text25                             67A0     67A0       48     33D0       0
                text24                             6F8A     6F8A      102     37C5       0
                text23                             68BC     68BC       90     345E       0
                text22                             76A2     76A2      25A     3B51       0
                text21                             6EA2     6EA2       E8     3751       0
                text20                             66A2     66A2       26     3351       0
                text19                             74BC     74BC      1E6     3A5E       0
                text18                             708C     708C      122     3846       0
                text17                             78FC     78FC      382     3C7E       0
                text16                             7C7E     7C7E      382     3E3F       0
                text15                             6A92     6A92       B8     3549       0
                text14                             66F2     66F2       3A     3379       0
                text13                             6C14     6C14       D4     360A       0
                text12                             6658     6658       24     332C       0
                text11                             67E8     67E8       6A     33F4       0
                text10                             672C     672C       3A     3396       0
                text9                              6852     6852       6A     3429       0
                text8                              65E2     65E2        A     32F1       0
                text7                              6608     6608       14     3304       0
                text6                              65F6     65F6       12     32FB       0
                text5                              661C     661C       1E     330E       0
                text4                              6766     6766       3A     33B3       0
                text3                              663A     663A       1E     331D       0
                text2                              694C     694C       9E     34A6       0
                text1                              65EC     65EC        A     32F6       0
                text0                              6B4A     6B4A       CA     35A5       0
                cstackCOMRAM                          1        1       5E        1       1
                cstackBANK0                          60       60       8A       60       1
                cstackBANK1                         100      100       F0      100       1
                cstackBANK2                         200      200       F0      200       1
                cstackBANK3                         300      300       F0      300       1
                cstackBANK4                         400      400       F0      400       1
                cstackBANK5                         500      500       F0      500       1
                cstackBANK6                         600      600       F0      600       1
                dataBANK0                            EE       EE        2       60       1
                bssBANK0                             EA       EA        4       60       1
                bssCOMRAM                            5F       5F        1        1       1
                cinit                              66C8     66C8       2A     3364       0
                idataBANK0                         65E0     65E0        2     65E0       0

TOTAL           Name                               Link     Load   Length     Space
        CLASS   STACK          

        CLASS   CODE           
                end_init                              0        0        4         0
                text31                             69EA     69EA       A8         0
                text30                             7310     7310      1AC         0
                text29                             6CE8     6CE8       D6         0
                text28                             6DBE     6DBE       E4         0
                text27                             667C     667C       26         0
                text26                             71AE     71AE      162         0
                text25                             67A0     67A0       48         0
                text24                             6F8A     6F8A      102         0
                text23                             68BC     68BC       90         0
                text22                             76A2     76A2      25A         0
                text21                             6EA2     6EA2       E8         0
                text20                             66A2     66A2       26         0
                text19                             74BC     74BC      1E6         0
                text18                             708C     708C      122         0
                text17                             78FC     78FC      382         0
                text16                             7C7E     7C7E      382         0
                text15                             6A92     6A92       B8         0
                text14                             66F2     66F2       3A         0
                text13                             6C14     6C14       D4         0
                text12                             6658     6658       24         0
                text11                             67E8     67E8       6A         0
                text10                             672C     672C       3A         0
                text9                              6852     6852       6A         0
                text8                              65E2     65E2        A         0
                text7                              6608     6608       14         0
                text6                              65F6     65F6       12         0
                text5                              661C     661C       1E         0
                text4                              6766     6766       3A         0
                text3                              663A     663A       1E         0
                text2                              694C     694C       9E         0
                text1                              65EC     65EC        A         0
                text0                              6B4A     6B4A       CA         0
                cinit                              66C8     66C8       2A         0
                idataBANK0                         65E0     65E0        2         0

        CLASS   CONST          

        CLASS   SMALLCONST     

        CLASS   MEDIUMCONST    

        CLASS   COMRAM         
                cstackCOMRAM                          1        1       5E         1
                bssCOMRAM                            5F       5F        1         1

        CLASS   ABS1           

        CLASS   BIGRAM         

        CLASS   RAM            

        CLASS   BANK0          
                cstackBANK0                          60       60       8A         1
                dataBANK0                            EE       EE        2         1
                bssBANK0                             EA       EA        4         1

        CLASS   BANK1          
                cstackBANK1                         100      100       F0         1

        CLASS   BANK2          
                cstackBANK2                         200      200       F0         1

        CLASS   BANK3          
                cstackBANK3                         300      300       F0         1

        CLASS   BANK4          
                cstackBANK4                         400      400       F0         1

        CLASS   BANK5          
                cstackBANK5                         500      500       F0         1

        CLASS   BANK6          
                cstackBANK6                         600      600       F0         1

        CLASS   BANK7          

        CLASS   SFR            

        CLASS   FARRAM         

        CLASS   CONFIG         
                config                           300000   300000        E         0

        CLASS   IDLOC          
                idloc                            200000   200000        8         0

        CLASS   EEDATA         



SEGMENTS        Name                           Load    Length   Top    Selector   Space  Class

                reset_vec                      000000  000004  000004         0       0  CODE    
                cstackCOMRAM                   000001  00005F  000060         1       1  COMRAM  
                cstackBANK0                    000060  000090  0000F0        60       1  BANK0   
                cstackBANK1                    000100  0000F0  0001F0       100       1  BANK1   
                cstackBANK2                    000200  0000F0  0002F0       200       1  BANK2   
                cstackBANK3                    000300  0000F0  0003F0       300       1  BANK3   
                cstackBANK4                    000400  0000F0  0004F0       400       1  BANK4   
                cstackBANK5                    000500  0000F0  0005F0       500       1  BANK5   
                cstackBANK6                    000600  0000F0  0006F0       600       1  BANK6   
                idataBANK0                     0065E0  000002  0065E2      65E0       0  CODE    
                text8                          0065E2  00000A  0065EC      32F1       0  CODE    
                text1                          0065EC  00000A  0065F6      32F6       0  CODE    
                text6                          0065F6  000012  006608      32FB       0  CODE    
                text7                          006608  000014  00661C      3304       0  CODE    
                text5                          00661C  00001E  00663A      330E       0  CODE    
                text3                          00663A  00001E  006658      331D       0  CODE    
                text12                         006658  000024  00667C      332C       0  CODE    
                text27                         00667C  000026  0066A2      333E       0  CODE    
                text20                         0066A2  000026  0066C8      3351       0  CODE    
                cinit                          0066C8  00002A  0066F2      3364       0  CODE    
                text14                         0066F2  00003A  00672C      3379       0  CODE    
                text10                         00672C  00003A  006766      3396       0  CODE    
                text4                          006766  00003A  0067A0      33B3       0  CODE    
                text25                         0067A0  000048  0067E8      33D0       0  CODE    
                text11                         0067E8  00006A  006852      33F4       0  CODE    
                text9                          006852  00006A  0068BC      3429       0  CODE    
                text23                         0068BC  000090  00694C      345E       0  CODE    
                text2                          00694C  00009E  0069EA      34A6       0  CODE    
                text31                         0069EA  0000A8  006A92      34F5       0  CODE    
                text15                         006A92  0000B8  006B4A      3549       0  CODE    
                text0                          006B4A  0000CA  006C14      35A5       0  CODE    
                text13                         006C14  0000D4  006CE8      360A       0  CODE    
                text29                         006CE8  0000D6  006DBE      3674       0  CODE    
                text28                         006DBE  0000E4  006EA2      36DF       0  CODE    
                text21                         006EA2  0000E8  006F8A      3751       0  CODE    
                text24                         006F8A  000102  00708C      37C5       0  CODE    
                text18                         00708C  000122  0071AE      3846       0  CODE    
                text26                         0071AE  000162  007310      38D7       0  CODE    
                text30                         007310  0001AC  0074BC      3988       0  CODE    
                text19                         0074BC  0001E6  0076A2      3A5E       0  CODE    
                text22                         0076A2  00025A  0078FC      3B51       0  CODE    
                text17                         0078FC  000382  007C7E      3C7E       0  CODE    
                text16                         007C7E  000382  008000      3E3F       0  CODE    
                idloc                          200000  000008  200008    200000       0  IDLOC   
                config                         300000  00000E  30000E    300000       0  CONFIG  


UNUSED ADDRESS RANGES

        Name                Unused          Largest block    Delta
        BANK0            0000F0-0000FF               10
        BANK1            0001F0-0001FF               10
        BANK2            0002F0-0002FF               10
        BANK3            0003F0-0003FF               10
        BANK4            0004F0-0004FF               10
        BANK5            0005F0-0005FF               10
        BANK6            0006F0-0006FF               10
        BANK7            000700-0007FF              100
        BIGRAM           0000F0-0000FF               10
                         0001F0-0001FF               10
                         0002F0-0002FF               10
                         0003F0-0003FF               10
                         0004F0-0004FF               10
                         0005F0-0005FF               10
                         0006F0-0007FF              110
        CODE             000004-0065DF             65DC
        CONST            000004-0065DF             65DC
        EEDATA           F00000-F000FF              100
        MEDIUMCONST      000800-0065DF             5DE0
        RAM              0000F0-0000FF               10
                         0001F0-0001FF               10
                         0002F0-0002FF               10
                         0003F0-0003FF               10
                         0004F0-0004FF               10
                         0005F0-0005FF               10
                         0006F0-0007FF               10
        SFR              000F60-000FFF               A0
        SMALLCONST       000800-0065DF              100
        STACK            0006F0-0007FF              110

                                  Symbol Table

?___awtoft                              cstackCOMRAM 000009
?___ftadd                               cstackCOMRAM 00001C
?___ftdiv                               cstackCOMRAM 000028
?___ftmul                               cstackCOMRAM 00000D
?___ftneg                               cstackCOMRAM 000001
?___ftpack                              cstackCOMRAM 000001
?___fttol                               cstackCOMRAM 00001C
?___lbtoft                              cstackCOMRAM 000009
?___wmul                                cstackCOMRAM 000001
?_defuzzy                               cstackCOMRAM 000037
?_fuzzy_system_single1                  cstackCOMRAM 000053
?_fuzzy_system_single2                  cstackCOMRAM 000053
?_getCNY70Value                         cstackCOMRAM 000001
?_triangular                            cstackCOMRAM 000037
OpenPWM1@period                         cstackCOMRAM 000001
OpenPWM2@ccp2mx                         cstackCOMRAM 000003
OpenPWM2@period                         cstackCOMRAM 000002
PWM_DutyCycle1@DC                       cstackCOMRAM 000032
PWM_DutyCycle1@DutyCycle                cstackCOMRAM 00002F
PWM_DutyCycle1@percentageDuty           cstackCOMRAM 000031
PWM_DutyCycle2@DC                       cstackCOMRAM 000032
PWM_DutyCycle2@DutyCycle                cstackCOMRAM 00002F
PWM_DutyCycle2@percentageDuty           cstackCOMRAM 000031
PWM_init1@period                        cstackCOMRAM 000002
PWM_init2@period                        cstackCOMRAM 000004
SetDCPWM1@DCycle                        cstackCOMRAM 000005
SetDCPWM1@dutycycle                     cstackCOMRAM 000001
SetDCPWM2@DCycle                        cstackCOMRAM 000005
SetDCPWM2@dutycycle                     cstackCOMRAM 000001
_CCP1CON                                (abs)        000FBD
_CCP2CON                                (abs)        000FBA
_CCPR1L                                 (abs)        000FBE
_CCPR2L                                 (abs)        000FBB
_DutyCycle                              bssBANK0     0000EA
_OSCCONbits                             (abs)        000FD3
_OpenPWM1                               text6        0065F6
_OpenPWM2                               text4        006766
_PIE1bits                               (abs)        000F9D
_PIR1bits                               (abs)        000F9E
_PORTA                                  (abs)        000F80
_PORTB                                  (abs)        000F81
_PORTBbits                              (abs)        000F81
_PORTC                                  (abs)        000F82
_PORTD                                  (abs)        000F83
_PORTDbits                              (abs)        000F83
_PORTE                                  (abs)        000F84
_PR2                                    (abs)        000FCB
_PWM_DutyCycle1                         text11       0067E8
_PWM_DutyCycle2                         text9        006852
_PWM_init1                              text5        00661C
_PWM_init2                              text3        00663A
_SetDCPWM1                              text14       0066F2
_SetDCPWM2                              text10       00672C
_T2CON                                  (abs)        000FCA
_T2CONbits                              (abs)        000FCA
_TMR2                                   (abs)        000FCC
_TRISA                                  (abs)        000F92
_TRISB                                  (abs)        000F93
_TRISBbits                              (abs)        000F93
_TRISC                                  (abs)        000F94
_TRISCbits                              (abs)        000F94
_TRISD                                  (abs)        000F95
_TRISE                                  (abs)        000F96
_Timer2Config                           bssCOMRAM    00005F
__CFG_BOR$OFF                           (abs)        000000
__CFG_BORV$3                            (abs)        000000
__CFG_CCP2MX$ON                         (abs)        000000
__CFG_CP0$OFF                           (abs)        000000
__CFG_CP1$OFF                           (abs)        000000
__CFG_CP2$OFF                           (abs)        000000
__CFG_CP3$OFF                           (abs)        000000
__CFG_CPB$OFF                           (abs)        000000
__CFG_CPD$OFF                           (abs)        000000
__CFG_CPUDIV$OSC1_PLL2                  (abs)        000000
__CFG_DEBUG$OFF                         (abs)        000000
__CFG_EBTR0$OFF                         (abs)        000000
__CFG_EBTR1$OFF                         (abs)        000000
__CFG_EBTR2$OFF                         (abs)        000000
__CFG_EBTR3$OFF                         (abs)        000000
__CFG_EBTRB$OFF                         (abs)        000000
__CFG_FCMEN$OFF                         (abs)        000000
__CFG_FOSC$INTOSCIO_EC                  (abs)        000000
__CFG_ICPRT$OFF                         (abs)        000000
__CFG_IESO$OFF                          (abs)        000000
__CFG_LPT1OSC$OFF                       (abs)        000000
__CFG_LVP$OFF                           (abs)        000000
__CFG_MCLRE$ON                          (abs)        000000
__CFG_PBADEN$OFF                        (abs)        000000
__CFG_PLLDIV$1                          (abs)        000000
__CFG_PWRT$OFF                          (abs)        000000
__CFG_STVREN$ON                         (abs)        000000
__CFG_USBDIV$2                          (abs)        000000
__CFG_VREGEN$OFF                        (abs)        000000
__CFG_WDT$OFF                           (abs)        000000
__CFG_WDTPS$32768                       (abs)        000000
__CFG_WRT0$OFF                          (abs)        000000
__CFG_WRT1$OFF                          (abs)        000000
__CFG_WRT2$OFF                          (abs)        000000
__CFG_WRT3$OFF                          (abs)        000000
__CFG_WRTB$OFF                          (abs)        000000
__CFG_WRTC$OFF                          (abs)        000000
__CFG_WRTD$OFF                          (abs)        000000
__CFG_XINST$OFF                         (abs)        000000
__HRAM                                  (abs)        000000
__Habs1                                 abs1         000000
__Hbank0                                bank0        000000
__Hbank1                                bank1        000000
__Hbank2                                bank2        000000
__Hbank3                                bank3        000000
__Hbank4                                bank4        000000
__Hbank5                                bank5        000000
__Hbank6                                bank6        000000
__Hbank7                                bank7        000000
__Hbigbss                               bigbss       000000
__Hbigdata                              bigdata      000000
__Hbigram                               bigram       000000
__Hbss                                  bss          000000
__HbssBANK0                             bssBANK0     000000
__HbssCOMRAM                            bssCOMRAM    000000
__Hcinit                                cinit        000000
__Hclrtext                              clrtext      000000
__Hcomram                               comram       000000
__Hconfig                               config       30000E
__Hconst                                const        000000
__HcstackBANK0                          cstackBANK0  000000
__HcstackBANK1                          cstackBANK1  000000
__HcstackBANK2                          cstackBANK2  000000
__HcstackBANK3                          cstackBANK3  000000
__HcstackBANK4                          cstackBANK4  000000
__HcstackBANK5                          cstackBANK5  000000
__HcstackBANK6                          cstackBANK6  000000
__HcstackCOMRAM                         cstackCOMRAM 000000
__Hdata                                 data         000000
__HdataBANK0                            dataBANK0    000000
__Heeprom_data                          eeprom_data  000000
__Hend_init                             end_init     000004
__Hfarbss                               farbss       000000
__Hfardata                              fardata      000000
__Hibigdata                             ibigdata     000000
__Hidata                                idata        000000
__HidataBANK0                           idataBANK0   000000
__Hidloc                                idloc        200008
__Hifardata                             ifardata     000000
__Hinit                                 init         000000
__Hintcode                              intcode      000000
__Hintcode_body                         intcode_body 000000
__Hintcodelo                            intcodelo    000000
__Hintentry                             intentry     000000
__Hintret                               intret       000000
__Hintsave_regs                         intsave_regs 000000
__Hirdata                               irdata       000000
__Hmediumconst                          mediumconst  000000
__HnvFARRAM                             nvFARRAM     000000
__Hnvbit                                nvbit        000000
__Hnvrram                               nvrram       000000
__Hparam                                rparam       000000
__Hpowerup                              powerup      000000
__Hram                                  ram          000000
__Hramtop                               ramtop       000800
__Hrbit                                 rbit         000000
__Hrbss                                 rbss         000000
__Hrdata                                rdata        000000
__Hreset_vec                            reset_vec    000000
__Hrparam                               rparam       000000
__Hsfr                                  sfr          000000
__Hsmallconst                           smallconst   000000
__Hspace_0                              (abs)        30000E
__Hspace_1                              (abs)        0006F0
__Hspace_2                              (abs)        000000
__Hstack                                stack        000000
__Hstruct                               struct       000000
__Htemp                                 temp         000000
__Htext                                 text         000000
__Htext0                                text0        000000
__Htext1                                text1        000000
__Htext10                               text10       000000
__Htext11                               text11       000000
__Htext12                               text12       000000
__Htext13                               text13       000000
__Htext14                               text14       000000
__Htext15                               text15       000000
__Htext16                               text16       000000
__Htext17                               text17       000000
__Htext18                               text18       000000
__Htext19                               text19       000000
__Htext2                                text2        000000
__Htext20                               text20       000000
__Htext21                               text21       000000
__Htext22                               text22       000000
__Htext23                               text23       000000
__Htext24                               text24       000000
__Htext25                               text25       000000
__Htext26                               text26       000000
__Htext27                               text27       000000
__Htext28                               text28       000000
__Htext29                               text29       000000
__Htext3                                text3        000000
__Htext30                               text30       000000
__Htext31                               text31       000000
__Htext4                                text4        000000
__Htext5                                text5        000000
__Htext6                                text6        000000
__Htext7                                text7        000000
__Htext8                                text8        000000
__Htext9                                text9        000000
__LRAM                                  (abs)        000001
__Labs1                                 abs1         000000
__Lbank0                                bank0        000000
__Lbank1                                bank1        000000
__Lbank2                                bank2        000000
__Lbank3                                bank3        000000
__Lbank4                                bank4        000000
__Lbank5                                bank5        000000
__Lbank6                                bank6        000000
__Lbank7                                bank7        000000
__Lbigbss                               bigbss       000000
__Lbigdata                              bigdata      000000
__Lbigram                               bigram       000000
__Lbss                                  bss          000000
__LbssBANK0                             bssBANK0     000000
__LbssCOMRAM                            bssCOMRAM    000000
__Lcinit                                cinit        000000
__Lclrtext                              clrtext      000000
__Lcomram                               comram       000000
__Lconfig                               config       300000
__Lconst                                const        000000
__LcstackBANK0                          cstackBANK0  000000
__LcstackBANK1                          cstackBANK1  000000
__LcstackBANK2                          cstackBANK2  000000
__LcstackBANK3                          cstackBANK3  000000
__LcstackBANK4                          cstackBANK4  000000
__LcstackBANK5                          cstackBANK5  000000
__LcstackBANK6                          cstackBANK6  000000
__LcstackCOMRAM                         cstackCOMRAM 000000
__Ldata                                 data         000000
__LdataBANK0                            dataBANK0    000000
__Leeprom_data                          eeprom_data  000000
__Lend_init                             end_init     000000
__Lfarbss                               farbss       000000
__Lfardata                              fardata      000000
__Libigdata                             ibigdata     000000
__Lidata                                idata        000000
__LidataBANK0                           idataBANK0   000000
__Lidloc                                idloc        200000
__Lifardata                             ifardata     000000
__Linit                                 init         000000
__Lintcode                              intcode      000000
__Lintcode_body                         intcode_body 000000
__Lintcodelo                            intcodelo    000000
__Lintentry                             intentry     000000
__Lintret                               intret       000000
__Lintsave_regs                         intsave_regs 000000
__Lirdata                               irdata       000000
__Lmediumconst                          mediumconst  000000
__LnvFARRAM                             nvFARRAM     000000
__Lnvbit                                nvbit        000000
__Lnvrram                               nvrram       000000
__Lparam                                rparam       000000
__Lpowerup                              powerup      000000
__Lram                                  ram          000000
__Lramtop                               ramtop       000800
__Lrbit                                 rbit         000000
__Lrbss                                 rbss         000000
__Lrdata                                rdata        000000
__Lreset_vec                            reset_vec    000000
__Lrparam                               rparam       000000
__Lsfr                                  sfr          000000
__Lsmallconst                           smallconst   000000
__Lspace_0                              (abs)        000000
__Lspace_1                              (abs)        000000
__Lspace_2                              (abs)        000000
__Lstack                                stack        000000
__Lstruct                               struct       000000
__Ltemp                                 temp         000000
__Ltext                                 text         000000
__Ltext0                                text0        000000
__Ltext1                                text1        000000
__Ltext10                               text10       000000
__Ltext11                               text11       000000
__Ltext12                               text12       000000
__Ltext13                               text13       000000
__Ltext14                               text14       000000
__Ltext15                               text15       000000
__Ltext16                               text16       000000
__Ltext17                               text17       000000
__Ltext18                               text18       000000
__Ltext19                               text19       000000
__Ltext2                                text2        000000
__Ltext20                               text20       000000
__Ltext21                               text21       000000
__Ltext22                               text22       000000
__Ltext23                               text23       000000
__Ltext24                               text24       000000
__Ltext25                               text25       000000
__Ltext26                               text26       000000
__Ltext27                               text27       000000
__Ltext28                               text28       000000
__Ltext29                               text29       000000
__Ltext3                                text3        000000
__Ltext30                               text30       000000
__Ltext31                               text31       000000
__Ltext4                                text4        000000
__Ltext5                                text5        000000
__Ltext6                                text6        000000
__Ltext7                                text7        000000
__Ltext8                                text8        000000
__Ltext9                                text9        000000
__S0                                    (abs)        30000E
__S1                                    (abs)        0006F0
__S2                                    (abs)        000000
___awtoft                               text25       0067A0
___awtoft@c                             cstackCOMRAM 000009
___awtoft@sign                          cstackCOMRAM 00000C
___ftadd                                text30       007310
___ftadd@exp1                           cstackCOMRAM 000027
___ftadd@exp2                           cstackCOMRAM 000026
___ftadd@f1                             cstackCOMRAM 00001C
___ftadd@f2                             cstackCOMRAM 00001F
___ftadd@sign                           cstackCOMRAM 000025
___ftdiv                                text29       006CE8
___ftdiv@cntr                           cstackCOMRAM 000031
___ftdiv@exp                            cstackCOMRAM 000035
___ftdiv@f1                             cstackCOMRAM 000028
___ftdiv@f2                             cstackCOMRAM 00002B
___ftdiv@f3                             cstackCOMRAM 000032
___ftdiv@sign                           cstackCOMRAM 000036
___ftge                                 text23       0068BC
___ftge@ff1                             cstackCOMRAM 000007
___ftge@ff2                             cstackCOMRAM 00000A
___ftmul                                text28       006DBE
___ftmul@cntr                           cstackCOMRAM 00001A
___ftmul@exp                            cstackCOMRAM 000016
___ftmul@f1                             cstackCOMRAM 00000D
___ftmul@f2                             cstackCOMRAM 000010
___ftmul@f3_as_product                  cstackCOMRAM 000017
___ftmul@sign                           cstackCOMRAM 00001B
___ftneg                                text20       0066A2
___ftneg@f1                             cstackCOMRAM 000001
___ftpack                               text31       0069EA
___ftpack@arg                           cstackCOMRAM 000001
___ftpack@exp                           cstackCOMRAM 000004
___ftpack@sign                          cstackCOMRAM 000005
___fttol                                text13       006C14
___fttol@exp1                           cstackCOMRAM 00002A
___fttol@f1                             cstackCOMRAM 00001C
___fttol@lval                           cstackCOMRAM 000026
___fttol@sign1                          cstackCOMRAM 000025
___inthi_sp                             stack        000000
___intlo_sp                             stack        000000
___lbtoft                               text12       006658
___lbtoft@c                             cstackCOMRAM 00000C
___sp                                   stack        000000
___wmul                                 text27       00667C
___wmul@multiplicand                    cstackCOMRAM 000003
___wmul@multiplier                      cstackCOMRAM 000001
___wmul@product                         cstackCOMRAM 000005
__accesstop                             (abs)        000060
__activetblptr                          (abs)        000003
__end_of_OpenPWM1                       text6        006608
__end_of_OpenPWM2                       text4        0067A0
__end_of_PWM_DutyCycle1                 text11       006852
__end_of_PWM_DutyCycle2                 text9        0068BC
__end_of_PWM_init1                      text5        00663A
__end_of_PWM_init2                      text3        006658
__end_of_SetDCPWM1                      text14       00672C
__end_of_SetDCPWM2                      text10       006766
__end_of___awtoft                       text25       0067E8
__end_of___ftadd                        text30       0074BC
__end_of___ftdiv                        text29       006DBE
__end_of___ftge                         text23       00694C
__end_of___ftmul                        text28       006EA2
__end_of___ftneg                        text20       0066C8
__end_of___ftpack                       text31       006A92
__end_of___fttol                        text13       006CE8
__end_of___lbtoft                       text12       00667C
__end_of___wmul                         text27       0066A2
__end_of__initialization                cinit        0066EC
__end_of_defuzzy                        text26       007310
__end_of_fuzzy_system_single1           text17       007C7E
__end_of_fuzzy_system_single2           text16       008000
__end_of_getCNY70Value                  text15       006B4A
__end_of_go_back                        text7        00661C
__end_of_linspace                       text24       00708C
__end_of_main                           text0        006C14
__end_of_mcu_init                       text2        0069EA
__end_of_motor_Backforward              text8        0065EC
__end_of_motor_forward                  text1        0065F6
__end_of_out_mf                         text22       0078FC
__end_of_qualified                      text21       006F8A
__end_of_tri_mf                         text18       0071AE
__end_of_triangular                     text19       0076A2
__initialization                        cinit        0066C8
__mediumconst                           mediumconst  000000
__pbssBANK0                             bssBANK0     0000EA
__pbssCOMRAM                            bssCOMRAM    00005F
__pcinit                                cinit        0066C8
__pcstackBANK0                          cstackBANK0  000060
__pcstackBANK1                          cstackBANK1  000100
__pcstackBANK2                          cstackBANK2  000200
__pcstackBANK3                          cstackBANK3  000300
__pcstackBANK4                          cstackBANK4  000400
__pcstackBANK5                          cstackBANK5  000500
__pcstackBANK6                          cstackBANK6  000600
__pcstackCOMRAM                         cstackCOMRAM 000001
__pdataBANK0                            dataBANK0    0000EE
__pidataBANK0                           idataBANK0   0065E0
__ptext0                                text0        006B4A
__ptext1                                text1        0065EC
__ptext10                               text10       00672C
__ptext11                               text11       0067E8
__ptext12                               text12       006658
__ptext13                               text13       006C14
__ptext14                               text14       0066F2
__ptext15                               text15       006A92
__ptext16                               text16       007C7E
__ptext17                               text17       0078FC
__ptext18                               text18       00708C
__ptext19                               text19       0074BC
__ptext2                                text2        00694C
__ptext20                               text20       0066A2
__ptext21                               text21       006EA2
__ptext22                               text22       0076A2
__ptext23                               text23       0068BC
__ptext24                               text24       006F8A
__ptext25                               text25       0067A0
__ptext26                               text26       0071AE
__ptext27                               text27       00667C
__ptext28                               text28       006DBE
__ptext29                               text29       006CE8
__ptext3                                text3        00663A
__ptext30                               text30       007310
__ptext31                               text31       0069EA
__ptext4                                text4        006766
__ptext5                                text5        00661C
__ptext6                                text6        0065F6
__ptext7                                text7        006608
__ptext8                                text8        0065E2
__ptext9                                text9        006852
__ramtop                                ramtop       000800
__size_of_OpenPWM1                      (abs)        000000
__size_of_OpenPWM2                      (abs)        000000
__size_of_PWM_DutyCycle1                (abs)        000000
__size_of_PWM_DutyCycle2                (abs)        000000
__size_of_PWM_init1                     (abs)        000000
__size_of_PWM_init2                     (abs)        000000
__size_of_SetDCPWM1                     (abs)        000000
__size_of_SetDCPWM2                     (abs)        000000
__size_of___awtoft                      (abs)        000000
__size_of___ftadd                       (abs)        000000
__size_of___ftdiv                       (abs)        000000
__size_of___ftge                        (abs)        000000
__size_of___ftmul                       (abs)        000000
__size_of___ftneg                       (abs)        000000
__size_of___ftpack                      (abs)        000000
__size_of___fttol                       (abs)        000000
__size_of___lbtoft                      (abs)        000000
__size_of___wmul                        (abs)        000000
__size_of_defuzzy                       (abs)        000000
__size_of_fuzzy_system_single1          (abs)        000000
__size_of_fuzzy_system_single2          (abs)        000000
__size_of_getCNY70Value                 (abs)        000000
__size_of_go_back                       (abs)        000000
__size_of_linspace                      (abs)        000000
__size_of_main                          (abs)        000000
__size_of_mcu_init                      (abs)        000000
__size_of_motor_Backforward             (abs)        000000
__size_of_motor_forward                 (abs)        000000
__size_of_out_mf                        (abs)        000000
__size_of_qualified                     (abs)        000000
__size_of_tri_mf                        (abs)        000000
__size_of_triangular                    (abs)        000000
__smallconst                            smallconst   000000
_countup                                dataBANK0    0000EE
_defuzzy                                text26       0071AE
_fuzzy_system_single1                   text17       0078FC
_fuzzy_system_single2                   text16       007C7E
_getCNY70Value                          text15       006A92
_go_back                                text7        006608
_i                                      bssBANK0     0000EC
_linspace                               text24       006F8A
_main                                   text0        006B4A
_main$1392                              cstackBANK0  0000E4
_mcu_init                               text2        00694C
_motor_Backforward                      text8        0065E2
_motor_forward                          text1        0065EC
_out_mf                                 text22       0076A2
_qualified                              text21       006EA2
_tri_mf                                 text18       00708C
_triangular                             text19       0074BC
defuzzy@i                               cstackCOMRAM 000044
defuzzy@mf                              cstackCOMRAM 000039
defuzzy@out                             cstackCOMRAM 00003B
defuzzy@sum1                            cstackCOMRAM 00003E
defuzzy@sum2                            cstackCOMRAM 000041
defuzzy@x                               cstackCOMRAM 000037
end_of_initialization                   cinit        0066EC
fuzzy_system_single1@ante_mf1           cstackBANK1  000100
fuzzy_system_single1@ante_mf2           cstackBANK1  000178
fuzzy_system_single1@ante_mf3           cstackBANK2  000278
fuzzy_system_single1@cons_mf1           cstackBANK3  000300
fuzzy_system_single1@cons_mf2           cstackBANK2  000200
fuzzy_system_single1@cons_mf3           cstackBANK5  000500
fuzzy_system_single1@input              cstackCOMRAM 000053
fuzzy_system_single1@output             cstackBANK0  0000DA
fuzzy_system_single1@overall_out_mf     cstackBANK5  000578
fuzzy_system_single1@qualified_cons_mf1 cstackBANK3  000378
fuzzy_system_single1@qualified_cons_mf2 cstackBANK4  000478
fuzzy_system_single1@qualified_cons_mf3 cstackBANK4  000400
fuzzy_system_single1@w1                 cstackCOMRAM 000056
fuzzy_system_single1@w2                 cstackCOMRAM 000059
fuzzy_system_single1@w3                 cstackCOMRAM 00005C
fuzzy_system_single1@x                  cstackBANK6  000600
fuzzy_system_single1@y                  cstackBANK6  000678
fuzzy_system_single2@ante_mf1           cstackBANK1  000100
fuzzy_system_single2@ante_mf2           cstackBANK1  000178
fuzzy_system_single2@ante_mf3           cstackBANK2  000278
fuzzy_system_single2@cons_mf1           cstackBANK3  000300
fuzzy_system_single2@cons_mf2           cstackBANK2  000200
fuzzy_system_single2@cons_mf3           cstackBANK5  000500
fuzzy_system_single2@input              cstackCOMRAM 000053
fuzzy_system_single2@output             cstackBANK0  0000DA
fuzzy_system_single2@overall_out_mf     cstackBANK5  000578
fuzzy_system_single2@qualified_cons_mf1 cstackBANK3  000378
fuzzy_system_single2@qualified_cons_mf2 cstackBANK4  000478
fuzzy_system_single2@qualified_cons_mf3 cstackBANK4  000400
fuzzy_system_single2@w1                 cstackCOMRAM 000056
fuzzy_system_single2@w2                 cstackCOMRAM 000059
fuzzy_system_single2@w3                 cstackCOMRAM 00005C
fuzzy_system_single2@x                  cstackBANK6  000600
fuzzy_system_single2@y                  cstackBANK6  000678
go_back@m_left                          cstackCOMRAM 000034
go_back@m_right                         cstackCOMRAM 000035
intlevel0                               text         000000
intlevel1                               text         000000
intlevel2                               text         000000
intlevel3                               text         000000
linspace@end                            cstackCOMRAM 00003C
linspace@i                              cstackCOMRAM 000043
linspace@size                           cstackCOMRAM 00003F
linspace@start                          cstackCOMRAM 000039
linspace@x                              cstackCOMRAM 000037
main@a                                  cstackBANK0  0000E7
main@b                                  cstackBANK0  0000E1
mcu_init@i                              cstackCOMRAM 000035
out_mf@i                                cstackCOMRAM 000018
out_mf@result                           cstackCOMRAM 000010
out_mf@x                                cstackCOMRAM 000012
out_mf@y                                cstackCOMRAM 000014
out_mf@z                                cstackCOMRAM 000016
qualified@i                             cstackCOMRAM 00001A
qualified@min                           cstackCOMRAM 000017
qualified@w                             cstackCOMRAM 000014
qualified@x                             cstackCOMRAM 000012
qualified@y                             cstackCOMRAM 000010
stackhi                                 (abs)        0007FF
stacklo                                 (abs)        0006F0
start                                   init         000000
start_initialization                    cinit        0066C8
tri_mf@a                                cstackCOMRAM 00004A
tri_mf@b                                cstackCOMRAM 00004D
tri_mf@c                                cstackCOMRAM 000050
tri_mf@i                                cstackBANK0  0000D8
tri_mf@t_value                          cstackCOMRAM 000046
tri_mf@temp                             cstackBANK0  000060
tri_mf@x                                cstackCOMRAM 000048
triangular@a                            cstackCOMRAM 000037
triangular@b                            cstackCOMRAM 00003A
triangular@c                            cstackCOMRAM 00003D
triangular@ux                           cstackCOMRAM 000043
triangular@x                            cstackCOMRAM 000040


FUNCTION INFORMATION:

 *************** function _main *****************
 Defined at:
		line 25 in file "main.c"
 Parameters:    Size  Location     Type
		None
 Auto vars:     Size  Location     Type
  a               3  135[BANK0 ] PTR 
  b               3  129[BANK0 ] PTR 
 Return value:  Size  Location     Type
                  2   18[COMRAM] int 
 Registers used:
		wreg, fsr1l, fsr1h, fsr2l, fsr2h, status,2, status,0, tblptrl, tblptrh, tblptru, prodl, prodh, cstack
 Tracked objects:
		On entry : 
		On exit  : 
		Unchanged: 
 Data sizes:     COMRAM   BANK0   BANK1   BANK2   BANK3   BANK4   BANK5   BANK6   BANK7
      Params:         0       0       0       0       0       0       0       0       0
      Locals:         0       9       0       0       0       0       0       0       0
      Temps:          0       4       0       0       0       0       0       0       0
      Totals:         0      13       0       0       0       0       0       0       0
Total ram usage:       13 bytes
 Hardware stack levels required when called:    5
 This function calls:
		_PWM_DutyCycle1
		___awtoft
		___fttol
		_fuzzy_system_single1
		_fuzzy_system_single2
		_getCNY70Value
		_go_back
		_mcu_init
		_motor_forward
 This function is called by:
		Startup code after reset
 This function uses a non-reentrant model


 *************** function _motor_forward *****************
 Defined at:
		line 47 in file "motor.c"
 Parameters:    Size  Location     Type
		None
 Auto vars:     Size  Location     Type
		None
 Return value:  Size  Location     Type
		None               void
 Registers used:
		None
 Tracked objects:
		On entry : 
		On exit  : 
		Unchanged: 
 Data sizes:     COMRAM   BANK0   BANK1   BANK2   BANK3   BANK4   BANK5   BANK6   BANK7
      Params:         0       0       0       0       0       0       0       0       0
      Locals:         0       0       0       0       0       0       0       0       0
      Temps:          0       0       0       0       0       0       0       0       0
      Totals:         0       0       0       0       0       0       0       0       0
Total ram usage:        0 bytes
 Hardware stack levels used:    1
 This function calls:
		Nothing
 This function is called by:
		_main
		_go_straight
 This function uses a non-reentrant model


 *************** function _mcu_init *****************
 Defined at:
		line 14 in file "funciones.c"
 Parameters:    Size  Location     Type
		None
 Auto vars:     Size  Location     Type
  i               2   52[COMRAM] int 
 Return value:  Size  Location     Type
                  2    2[COMRAM] int 
 Registers used:
		wreg, status,2, status,0, tblptrl, tblptrh, tblptru, cstack
 Tracked objects:
		On entry : 
		On exit  : 
		Unchanged: 
 Data sizes:     COMRAM   BANK0   BANK1   BANK2   BANK3   BANK4   BANK5   BANK6   BANK7
      Params:         0       0       0       0       0       0       0       0       0
      Locals:         2       0       0       0       0       0       0       0       0
      Temps:          1       0       0       0       0       0       0       0       0
      Totals:         3       0       0       0       0       0       0       0       0
Total ram usage:        3 bytes
 Hardware stack levels used:    1
 Hardware stack levels required when called:    3
 This function calls:
		_PWM_DutyCycle1
		_PWM_DutyCycle2
		_PWM_init1
		_PWM_init2
 This function is called by:
		_main
 This function uses a non-reentrant model


 *************** function _PWM_init2 *****************
 Defined at:
		line 42 in file "pwm.c"
 Parameters:    Size  Location     Type
  period          1    wreg     unsigned char 
 Auto vars:     Size  Location     Type
  period          1    3[COMRAM] unsigned char 
 Return value:  Size  Location     Type
		None               void
 Registers used:
		wreg, status,2, status,0, tblptrl, tblptrh, tblptru, cstack
 Tracked objects:
		On entry : 
		On exit  : 
		Unchanged: 
 Data sizes:     COMRAM   BANK0   BANK1   BANK2   BANK3   BANK4   BANK5   BANK6   BANK7
      Params:         0       0       0       0       0       0       0       0       0
      Locals:         1       0       0       0       0       0       0       0       0
      Temps:          0       0       0       0       0       0       0       0       0
      Totals:         1       0       0       0       0       0       0       0       0
Total ram usage:        1 bytes
 Hardware stack levels used:    1
 Hardware stack levels required when called:    1
 This function calls:
		_OpenPWM2
 This function is called by:
		_mcu_init
 This function uses a non-reentrant model


 *************** function _OpenPWM2 *****************
 Defined at:
		line 18 in file "C:\Program Files\Microchip\xc8\v1.33\sources\pic18\plib\PWM\pw2open.c"
 Parameters:    Size  Location     Type
  period          1    wreg     unsigned char 
 Auto vars:     Size  Location     Type
  period          1    1[COMRAM] unsigned char 
  ccp2mx          1    2[COMRAM] unsigned char 
  pmmode          1    0        unsigned char 
 Return value:  Size  Location     Type
		None               void
 Registers used:
		wreg, status,2, tblptrl, tblptrh, tblptru
 Tracked objects:
		On entry : 
		On exit  : 
		Unchanged: 
 Data sizes:     COMRAM   BANK0   BANK1   BANK2   BANK3   BANK4   BANK5   BANK6   BANK7
      Params:         0       0       0       0       0       0       0       0       0
      Locals:         2       0       0       0       0       0       0       0       0
      Temps:          1       0       0       0       0       0       0       0       0
      Totals:         3       0       0       0       0       0       0       0       0
Total ram usage:        3 bytes
 Hardware stack levels used:    1
 This function calls:
		Nothing
 This function is called by:
		_PWM_init2
 This function uses a non-reentrant model


 *************** function _PWM_init1 *****************
 Defined at:
		line 20 in file "pwm.c"
 Parameters:    Size  Location     Type
  period          1    wreg     unsigned char 
 Auto vars:     Size  Location     Type
  period          1    1[COMRAM] unsigned char 
 Return value:  Size  Location     Type
		None               void
 Registers used:
		wreg, status,2, status,0, cstack
 Tracked objects:
		On entry : 
		On exit  : 
		Unchanged: 
 Data sizes:     COMRAM   BANK0   BANK1   BANK2   BANK3   BANK4   BANK5   BANK6   BANK7
      Params:         0       0       0       0       0       0       0       0       0
      Locals:         1       0       0       0       0       0       0       0       0
      Temps:          0       0       0       0       0       0       0       0       0
      Totals:         1       0       0       0       0       0       0       0       0
Total ram usage:        1 bytes
 Hardware stack levels used:    1
 Hardware stack levels required when called:    1
 This function calls:
		_OpenPWM1
 This function is called by:
		_mcu_init
 This function uses a non-reentrant model


 *************** function _OpenPWM1 *****************
 Defined at:
		line 8 in file "C:\Program Files\Microchip\xc8\v1.33\sources\pic18\plib\PWM\pw1open.c"
 Parameters:    Size  Location     Type
  period          1    wreg     unsigned char 
 Auto vars:     Size  Location     Type
  period          1    0[COMRAM] unsigned char 
 Return value:  Size  Location     Type
		None               void
 Registers used:
		wreg, status,2, status,0
 Tracked objects:
		On entry : 
		On exit  : 
		Unchanged: 
 Data sizes:     COMRAM   BANK0   BANK1   BANK2   BANK3   BANK4   BANK5   BANK6   BANK7
      Params:         0       0       0       0       0       0       0       0       0
      Locals:         1       0       0       0       0       0       0       0       0
      Temps:          0       0       0       0       0       0       0       0       0
      Totals:         1       0       0       0       0       0       0       0       0
Total ram usage:        1 bytes
 Hardware stack levels used:    1
 This function calls:
		Nothing
 This function is called by:
		_PWM_init1
 This function uses a non-reentrant model


 *************** function _go_back *****************
 Defined at:
		line 125 in file "cny70.c"
 Parameters:    Size  Location     Type
  m_right         1    wreg     unsigned char 
  m_left          1   51[COMRAM] unsigned char 
 Auto vars:     Size  Location     Type
  m_right         1   52[COMRAM] unsigned char 
 Return value:  Size  Location     Type
		None               void
 Registers used:
		wreg, status,2, status,0, cstack
 Tracked objects:
		On entry : 
		On exit  : 
		Unchanged: 
 Data sizes:     COMRAM   BANK0   BANK1   BANK2   BANK3   BANK4   BANK5   BANK6   BANK7
      Params:         1       0       0       0       0       0       0       0       0
      Locals:         1       0       0       0       0       0       0       0       0
      Temps:          0       0       0       0       0       0       0       0       0
      Totals:         2       0       0       0       0       0       0       0       0
Total ram usage:        2 bytes
 Hardware stack levels used:    1
 Hardware stack levels required when called:    3
 This function calls:
		_PWM_DutyCycle1
		_PWM_DutyCycle2
		_motor_Backforward
 This function is called by:
		_main
 This function uses a non-reentrant model


 *************** function _motor_Backforward *****************
 Defined at:
		line 57 in file "motor.c"
 Parameters:    Size  Location     Type
		None
 Auto vars:     Size  Location     Type
		None
 Return value:  Size  Location     Type
                  2  203[COMRAM] int 
 Registers used:
		None
 Tracked objects:
		On entry : 
		On exit  : 
		Unchanged: 
 Data sizes:     COMRAM   BANK0   BANK1   BANK2   BANK3   BANK4   BANK5   BANK6   BANK7
      Params:         0       0       0       0       0       0       0       0       0
      Locals:         0       0       0       0       0       0       0       0       0
      Temps:          0       0       0       0       0       0       0       0       0
      Totals:         0       0       0       0       0       0       0       0       0
Total ram usage:        0 bytes
 Hardware stack levels used:    1
 This function calls:
		Nothing
 This function is called by:
		_go_back
 This function uses a non-reentrant model


 *************** function _PWM_DutyCycle2 *****************
 Defined at:
		line 55 in file "pwm.c"
 Parameters:    Size  Location     Type
  percentageDu    1    wreg     unsigned char 
 Auto vars:     Size  Location     Type
  percentageDu    1   48[COMRAM] unsigned char 
  DC              2   49[COMRAM] unsigned int 
  DutyCycle       2   46[COMRAM] unsigned int 
 Return value:  Size  Location     Type
		None               void
 Registers used:
		wreg, status,2, status,0, cstack
 Tracked objects:
		On entry : 
		On exit  : 
		Unchanged: 
 Data sizes:     COMRAM   BANK0   BANK1   BANK2   BANK3   BANK4   BANK5   BANK6   BANK7
      Params:         0       0       0       0       0       0       0       0       0
      Locals:         5       0       0       0       0       0       0       0       0
      Temps:          4       0       0       0       0       0       0       0       0
      Totals:         9       0       0       0       0       0       0       0       0
Total ram usage:        9 bytes
 Hardware stack levels used:    1
 Hardware stack levels required when called:    2
 This function calls:
		_SetDCPWM2
		___ftmul
		___fttol
		___lbtoft
 This function is called by:
		_mcu_init
		_go_back
		_right
		_left
		_go_straight
 This function uses a non-reentrant model


 *************** function _SetDCPWM2 *****************
 Defined at:
		line 7 in file "C:\Program Files\Microchip\xc8\v1.33\sources\pic18\plib\PWM\pw2setdc.c"
 Parameters:    Size  Location     Type
  dutycycle       2    0[COMRAM] unsigned int 
 Auto vars:     Size  Location     Type
  DCycle          2    4[COMRAM] struct PWMDC
 Return value:  Size  Location     Type
		None               void
 Registers used:
		wreg, status,2, status,0
 Tracked objects:
		On entry : 
		On exit  : 
		Unchanged: 
 Data sizes:     COMRAM   BANK0   BANK1   BANK2   BANK3   BANK4   BANK5   BANK6   BANK7
      Params:         2       0       0       0       0       0       0       0       0
      Locals:         2       0       0       0       0       0       0       0       0
      Temps:          2       0       0       0       0       0       0       0       0
      Totals:         6       0       0       0       0       0       0       0       0
Total ram usage:        6 bytes
 Hardware stack levels used:    1
 This function calls:
		Nothing
 This function is called by:
		_PWM_DutyCycle2
 This function uses a non-reentrant model


 *************** function _PWM_DutyCycle1 *****************
 Defined at:
		line 33 in file "pwm.c"
 Parameters:    Size  Location     Type
  percentageDu    1    wreg     unsigned char 
 Auto vars:     Size  Location     Type
  percentageDu    1   48[COMRAM] unsigned char 
  DC              2   49[COMRAM] unsigned int 
  DutyCycle       2   46[COMRAM] unsigned int 
 Return value:  Size  Location     Type
		None               void
 Registers used:
		wreg, status,2, status,0, cstack
 Tracked objects:
		On entry : 
		On exit  : 
		Unchanged: 
 Data sizes:     COMRAM   BANK0   BANK1   BANK2   BANK3   BANK4   BANK5   BANK6   BANK7
      Params:         0       0       0       0       0       0       0       0       0
      Locals:         5       0       0       0       0       0       0       0       0
      Temps:          4       0       0       0       0       0       0       0       0
      Totals:         9       0       0       0       0       0       0       0       0
Total ram usage:        9 bytes
 Hardware stack levels used:    1
 Hardware stack levels required when called:    2
 This function calls:
		_SetDCPWM1
		___ftmul
		___fttol
		___lbtoft
 This function is called by:
		_main
		_mcu_init
		_go_back
		_right
		_left
		_go_straight
 This function uses a non-reentrant model


 *************** function ___lbtoft *****************
 Defined at:
		line 27 in file "C:\Program Files\Microchip\xc8\v1.33\sources\common\lbtoft.c"
 Parameters:    Size  Location     Type
  c               1    wreg     unsigned char 
 Auto vars:     Size  Location     Type
  c               1   11[COMRAM] unsigned char 
 Return value:  Size  Location     Type
                  3    8[COMRAM] float 
 Registers used:
		wreg, status,2, status,0, cstack
 Tracked objects:
		On entry : 
		On exit  : 
		Unchanged: 
 Data sizes:     COMRAM   BANK0   BANK1   BANK2   BANK3   BANK4   BANK5   BANK6   BANK7
      Params:         3       0       0       0       0       0       0       0       0
      Locals:         1       0       0       0       0       0       0       0       0
      Temps:          0       0       0       0       0       0       0       0       0
      Totals:         4       0       0       0       0       0       0       0       0
Total ram usage:        4 bytes
 Hardware stack levels used:    1
 Hardware stack levels required when called:    1
 This function calls:
		___ftpack
 This function is called by:
		_PWM_DutyCycle1
		_PWM_DutyCycle2
 This function uses a non-reentrant model


 *************** function ___fttol *****************
 Defined at:
		line 44 in file "C:\Program Files\Microchip\xc8\v1.33\sources\common\fttol.c"
 Parameters:    Size  Location     Type
  f1              3   27[COMRAM] float 
 Auto vars:     Size  Location     Type
  lval            4   37[COMRAM] unsigned long 
  exp1            1   41[COMRAM] unsigned char 
  sign1           1   36[COMRAM] unsigned char 
 Return value:  Size  Location     Type
                  4   27[COMRAM] long 
 Registers used:
		wreg, status,2, status,0
 Tracked objects:
		On entry : 
		On exit  : 
		Unchanged: 
 Data sizes:     COMRAM   BANK0   BANK1   BANK2   BANK3   BANK4   BANK5   BANK6   BANK7
      Params:         4       0       0       0       0       0       0       0       0
      Locals:         6       0       0       0       0       0       0       0       0
      Temps:          5       0       0       0       0       0       0       0       0
      Totals:        15       0       0       0       0       0       0       0       0
Total ram usage:       15 bytes
 Hardware stack levels used:    1
 This function calls:
		Nothing
 This function is called by:
		_main
		_PWM_DutyCycle1
		_PWM_DutyCycle2
 This function uses a non-reentrant model


 *************** function _SetDCPWM1 *****************
 Defined at:
		line 7 in file "C:\Program Files\Microchip\xc8\v1.33\sources\pic18\plib\PWM\pw1setdc.c"
 Parameters:    Size  Location     Type
  dutycycle       2    0[COMRAM] unsigned int 
 Auto vars:     Size  Location     Type
  DCycle          2    4[COMRAM] struct PWMDC
 Return value:  Size  Location     Type
		None               void
 Registers used:
		wreg, status,2, status,0
 Tracked objects:
		On entry : 
		On exit  : 
		Unchanged: 
 Data sizes:     COMRAM   BANK0   BANK1   BANK2   BANK3   BANK4   BANK5   BANK6   BANK7
      Params:         2       0       0       0       0       0       0       0       0
      Locals:         2       0       0       0       0       0       0       0       0
      Temps:          2       0       0       0       0       0       0       0       0
      Totals:         6       0       0       0       0       0       0       0       0
Total ram usage:        6 bytes
 Hardware stack levels used:    1
 This function calls:
		Nothing
 This function is called by:
		_PWM_DutyCycle1
 This function uses a non-reentrant model


 *************** function _getCNY70Value *****************
 Defined at:
		line 4 in file "cny70.c"
 Parameters:    Size  Location     Type
		None
 Auto vars:     Size  Location     Type
		None
 Return value:  Size  Location     Type
                  2    0[COMRAM] int 
 Registers used:
		wreg, status,2
 Tracked objects:
		On entry : 
		On exit  : 
		Unchanged: 
 Data sizes:     COMRAM   BANK0   BANK1   BANK2   BANK3   BANK4   BANK5   BANK6   BANK7
      Params:         2       0       0       0       0       0       0       0       0
      Locals:         0       0       0       0       0       0       0       0       0
      Temps:          0       0       0       0       0       0       0       0       0
      Totals:         2       0       0       0       0       0       0       0       0
Total ram usage:        2 bytes
 Hardware stack levels used:    1
 This function calls:
		Nothing
 This function is called by:
		_main
 This function uses a non-reentrant model


 *************** function _fuzzy_system_single2 *****************
 Defined at:
		line 234 in file "fuzzy.c"
 Parameters:    Size  Location     Type
  input           3   82[COMRAM] int 
 Auto vars:     Size  Location     Type
  y             120  120[BANK6 ] [40]
  x             120    0[BANK6 ] [40]
  overall_out_  120  120[BANK5 ] [40]
  qualified_co  120  120[BANK4 ] [40]
  qualified_co  120  120[BANK3 ] [40]
  cons_mf3      120    0[BANK5 ] [40]
  qualified_co  120    0[BANK4 ] [40]
  cons_mf1      120    0[BANK3 ] [40]
  ante_mf3      120  120[BANK2 ] [40]
  cons_mf2      120    0[BANK2 ] [40]
  ante_mf2      120  120[BANK1 ] [40]
  ante_mf1      120    0[BANK1 ] [40]
  output          3  122[BANK0 ] [40]
  w3              3   91[COMRAM] [40]
  w2              3   88[COMRAM] [40]
  w1              3   85[COMRAM] [40]
  i               2    0        int 
 Return value:  Size  Location     Type
                  3   82[COMRAM] int 
 Registers used:
		wreg, fsr1l, fsr1h, fsr2l, fsr2h, status,2, status,0, prodl, prodh, cstack
 Tracked objects:
		On entry : 
		On exit  : 
		Unchanged: 
 Data sizes:     COMRAM   BANK0   BANK1   BANK2   BANK3   BANK4   BANK5   BANK6   BANK7
      Params:         3       0       0       0       0       0       0       0       0
      Locals:         9       3     240     240     240     240     240     240       0
      Temps:          0       0       0       0       0       0       0       0       0
      Totals:        12       3     240     240     240     240     240     240       0
Total ram usage:     1455 bytes
 Hardware stack levels used:    1
 Hardware stack levels required when called:    4
 This function calls:
		_defuzzy
		_linspace
		_out_mf
		_qualified
		_tri_mf
		_triangular
 This function is called by:
		_main
 This function uses a non-reentrant model


 *************** function _fuzzy_system_single1 *****************
 Defined at:
		line 275 in file "fuzzy.c"
 Parameters:    Size  Location     Type
  input           3   82[COMRAM] int 
 Auto vars:     Size  Location     Type
  y             120  120[BANK6 ] [40]
  x             120    0[BANK6 ] [40]
  overall_out_  120  120[BANK5 ] [40]
  qualified_co  120  120[BANK4 ] [40]
  qualified_co  120  120[BANK3 ] [40]
  cons_mf3      120    0[BANK5 ] [40]
  qualified_co  120    0[BANK4 ] [40]
  cons_mf1      120    0[BANK3 ] [40]
  ante_mf3      120  120[BANK2 ] [40]
  cons_mf2      120    0[BANK2 ] [40]
  ante_mf2      120  120[BANK1 ] [40]
  ante_mf1      120    0[BANK1 ] [40]
  output          3  122[BANK0 ] [40]
  w3              3   91[COMRAM] [40]
  w2              3   88[COMRAM] [40]
  w1              3   85[COMRAM] [40]
  i               2    0        int 
 Return value:  Size  Location     Type
                  3   82[COMRAM] int 
 Registers used:
		wreg, fsr1l, fsr1h, fsr2l, fsr2h, status,2, status,0, prodl, prodh, cstack
 Tracked objects:
		On entry : 
		On exit  : 
		Unchanged: 
 Data sizes:     COMRAM   BANK0   BANK1   BANK2   BANK3   BANK4   BANK5   BANK6   BANK7
      Params:         3       0       0       0       0       0       0       0       0
      Locals:         9       3     240     240     240     240     240     240       0
      Temps:          0       0       0       0       0       0       0       0       0
      Totals:        12       3     240     240     240     240     240     240       0
Total ram usage:     1455 bytes
 Hardware stack levels used:    1
 Hardware stack levels required when called:    4
 This function calls:
		_defuzzy
		_linspace
		_out_mf
		_qualified
		_tri_mf
		_triangular
 This function is called by:
		_main
 This function uses a non-reentrant model


 *************** function _tri_mf *****************
 Defined at:
		line 64 in file "fuzzy.c"
 Parameters:    Size  Location     Type
  t_value         2   69[COMRAM] PTR 
		 -> fuzzy_system_single1@cons_mf3(120), fuzzy_system_single1@cons_mf2(120), fuzzy_system_single1@cons_mf1(120), fuzzy_system_single1@ante_mf3(120), 
		 -> fuzzy_system_single1@ante_mf2(120), fuzzy_system_single1@ante_mf1(120), fuzzy_system_single2@cons_mf3(120), fuzzy_system_single2@cons_mf2(120), 
		 -> fuzzy_system_single2@cons_mf1(120), fuzzy_system_single2@ante_mf3(120), fuzzy_system_single2@ante_mf2(120), fuzzy_system_single2@ante_mf1(120), 
  x               2   71[COMRAM] PTR 
		 -> fuzzy_system_single1@y(120), fuzzy_system_single1@x(120), fuzzy_system_single2@y(120), fuzzy_system_single2@x(120), 
  a               3   73[COMRAM] PTR 
  b               3   76[COMRAM] PTR 
  c               3   79[COMRAM] PTR 
 Auto vars:     Size  Location     Type
  temp          120    0[BANK0 ] [40]
  i               2  120[BANK0 ] int 
 Return value:  Size  Location     Type
		None               void
 Registers used:
		wreg, fsr1l, fsr1h, fsr2l, fsr2h, status,2, status,0, prodl, prodh, cstack
 Tracked objects:
		On entry : 
		On exit  : 
		Unchanged: 
 Data sizes:     COMRAM   BANK0   BANK1   BANK2   BANK3   BANK4   BANK5   BANK6   BANK7
      Params:        13       0       0       0       0       0       0       0       0
      Locals:         0     122       0       0       0       0       0       0       0
      Temps:          0       0       0       0       0       0       0       0       0
      Totals:        13     122       0       0       0       0       0       0       0
Total ram usage:      135 bytes
 Hardware stack levels used:    1
 Hardware stack levels required when called:    3
 This function calls:
		___wmul
		_triangular
 This function is called by:
		_fuzzy_system_single2
		_fuzzy_system_single1
 This function uses a non-reentrant model


 *************** function _triangular *****************
 Defined at:
		line 46 in file "fuzzy.c"
 Parameters:    Size  Location     Type
  a               3   54[COMRAM] int 
  b               3   57[COMRAM] int 
  c               3   60[COMRAM] int 
  x               3   63[COMRAM] int 
 Auto vars:     Size  Location     Type
  ux              3   66[COMRAM] int 
 Return value:  Size  Location     Type
                  3   54[COMRAM] int 
 Registers used:
		wreg, status,2, status,0, cstack
 Tracked objects:
		On entry : 
		On exit  : 
		Unchanged: 
 Data sizes:     COMRAM   BANK0   BANK1   BANK2   BANK3   BANK4   BANK5   BANK6   BANK7
      Params:        12       0       0       0       0       0       0       0       0
      Locals:         3       0       0       0       0       0       0       0       0
      Temps:          0       0       0       0       0       0       0       0       0
      Totals:        15       0       0       0       0       0       0       0       0
Total ram usage:       15 bytes
 Hardware stack levels used:    1
 Hardware stack levels required when called:    2
 This function calls:
		___ftadd
		___ftdiv
		___ftge
		___ftneg
 This function is called by:
		_tri_mf
		_fuzzy_system_single2
		_fuzzy_system_single1
 This function uses a non-reentrant model


 *************** function ___ftneg *****************
 Defined at:
		line 15 in file "C:\Program Files\Microchip\xc8\v1.33\sources\common\ftneg.c"
 Parameters:    Size  Location     Type
  f1              3    0[COMRAM] float 
 Auto vars:     Size  Location     Type
		None
 Return value:  Size  Location     Type
                  3    0[COMRAM] float 
 Registers used:
		wreg, status,2, status,0
 Tracked objects:
		On entry : 
		On exit  : 
		Unchanged: 
 Data sizes:     COMRAM   BANK0   BANK1   BANK2   BANK3   BANK4   BANK5   BANK6   BANK7
      Params:         3       0       0       0       0       0       0       0       0
      Locals:         0       0       0       0       0       0       0       0       0
      Temps:          0       0       0       0       0       0       0       0       0
      Totals:         3       0       0       0       0       0       0       0       0
Total ram usage:        3 bytes
 Hardware stack levels used:    1
 This function calls:
		Nothing
 This function is called by:
		_triangular
		_trapezoidal
 This function uses a non-reentrant model


 *************** function _qualified *****************
 Defined at:
		line 108 in file "fuzzy.c"
 Parameters:    Size  Location     Type
  y               2   15[COMRAM] PTR 
		 -> fuzzy_system_single1@qualified_cons_mf3(120), fuzzy_system_single1@qualified_cons_mf2(120), fuzzy_system_single1@qualified_cons_mf1(120), fuzzy_system_single2@qualified_cons_mf3(120), 
		 -> fuzzy_system_single2@qualified_cons_mf2(120), fuzzy_system_single2@qualified_cons_mf1(120), fuzzy_system_single@qualified_cons_mf3(120), fuzzy_system_single@qualified_cons_mf2(120), 
		 -> fuzzy_system_single@qualified_cons_mf1(120), fuzzy_system@qualified_cons_mf3(120), fuzzy_system@qualified_cons_mf2(120), fuzzy_system@qualified_cons_mf1(120), 
  x               2   17[COMRAM] PTR 
		 -> fuzzy_system_single1@cons_mf3(120), fuzzy_system_single1@cons_mf1(120), fuzzy_system_single2@cons_mf3(120), fuzzy_system_single2@cons_mf1(120), 
		 -> fuzzy_system_single@cons_mf3(120), fuzzy_system_single@cons_mf2(120), fuzzy_system_single@cons_mf1(120), fuzzy_system@cons_mf3(120), 
		 -> fuzzy_system@cons_mf2(120), fuzzy_system@cons_mf1(120), 
  w               3   19[COMRAM] PTR 
 Auto vars:     Size  Location     Type
  min             3   22[COMRAM] PTR 
  i               2   25[COMRAM] int 
 Return value:  Size  Location     Type
		None               void
 Registers used:
		wreg, fsr1l, fsr1h, fsr2l, fsr2h, status,2, status,0, prodl, prodh, cstack
 Tracked objects:
		On entry : 
		On exit  : 
		Unchanged: 
 Data sizes:     COMRAM   BANK0   BANK1   BANK2   BANK3   BANK4   BANK5   BANK6   BANK7
      Params:         7       0       0       0       0       0       0       0       0
      Locals:         5       0       0       0       0       0       0       0       0
      Temps:          0       0       0       0       0       0       0       0       0
      Totals:        12       0       0       0       0       0       0       0       0
Total ram usage:       12 bytes
 Hardware stack levels used:    1
 Hardware stack levels required when called:    1
 This function calls:
		___ftge
		___wmul
 This function is called by:
		_fuzzy_system_single2
		_fuzzy_system_single1
		_fuzzy_system
		_fuzzy_system_single
 This function uses a non-reentrant model


 *************** function _out_mf *****************
 Defined at:
		line 123 in file "fuzzy.c"
 Parameters:    Size  Location     Type
  result          2   15[COMRAM] PTR 
		 -> fuzzy_system_single1@overall_out_mf(120), fuzzy_system_single2@overall_out_mf(120), fuzzy_system_single@overall_out_mf(120), fuzzy_system@overall_out_mf(120), 
  x               2   17[COMRAM] PTR 
		 -> fuzzy_system_single1@qualified_cons_mf1(120), fuzzy_system_single2@qualified_cons_mf1(120), fuzzy_system_single@qualified_cons_mf1(120), fuzzy_system@qualified_cons_mf1(120), 
  y               2   19[COMRAM] PTR 
		 -> fuzzy_system_single1@qualified_cons_mf2(120), fuzzy_system_single2@qualified_cons_mf2(120), fuzzy_system_single@qualified_cons_mf2(120), fuzzy_system@qualified_cons_mf2(120), 
  z               2   21[COMRAM] PTR 
		 -> fuzzy_system_single1@qualified_cons_mf3(120), fuzzy_system_single2@qualified_cons_mf3(120), fuzzy_system_single@qualified_cons_mf3(120), fuzzy_system@qualified_cons_mf3(120), 
 Auto vars:     Size  Location     Type
  i               2   23[COMRAM] int 
 Return value:  Size  Location     Type
		None               void
 Registers used:
		wreg, fsr1l, fsr1h, fsr2l, fsr2h, status,2, status,0, prodl, prodh, cstack
 Tracked objects:
		On entry : 
		On exit  : 
		Unchanged: 
 Data sizes:     COMRAM   BANK0   BANK1   BANK2   BANK3   BANK4   BANK5   BANK6   BANK7
      Params:         8       0       0       0       0       0       0       0       0
      Locals:         2       0       0       0       0       0       0       0       0
      Temps:          0       0       0       0       0       0       0       0       0
      Totals:        10       0       0       0       0       0       0       0       0
Total ram usage:       10 bytes
 Hardware stack levels used:    1
 Hardware stack levels required when called:    1
 This function calls:
		___ftge
		___wmul
 This function is called by:
		_fuzzy_system_single2
		_fuzzy_system_single1
		_fuzzy_system
		_fuzzy_system_single
 This function uses a non-reentrant model


 *************** function ___ftge *****************
 Defined at:
		line 4 in file "C:\Program Files\Microchip\xc8\v1.33\sources\common\ftge.c"
 Parameters:    Size  Location     Type
  ff1             3    6[COMRAM] float 
  ff2             3    9[COMRAM] float 
 Auto vars:     Size  Location     Type
		None
 Return value:  Size  Location     Type
		None               void
 Registers used:
		wreg, status,2, status,0
 Tracked objects:
		On entry : 
		On exit  : 
		Unchanged: 
 Data sizes:     COMRAM   BANK0   BANK1   BANK2   BANK3   BANK4   BANK5   BANK6   BANK7
      Params:         6       0       0       0       0       0       0       0       0
      Locals:         0       0       0       0       0       0       0       0       0
      Temps:          3       0       0       0       0       0       0       0       0
      Totals:         9       0       0       0       0       0       0       0       0
Total ram usage:        9 bytes
 Hardware stack levels used:    1
 This function calls:
		Nothing
 This function is called by:
		_triangular
		_qualified
		_out_mf
		_minimo
		_maximo
		_trapezoidal
 This function uses a non-reentrant model


 *************** function _linspace *****************
 Defined at:
		line 12 in file "fuzzy.c"
 Parameters:    Size  Location     Type
  x               2   54[COMRAM] PTR 
		 -> fuzzy_system_single1@y(120), fuzzy_system_single1@x(120), fuzzy_system_single2@y(120), fuzzy_system_single2@x(120), 
		 -> fuzzy_system_single@y(120), fuzzy_system_single@x(120), fuzzy_system@y(120), fuzzy_system@x(120), 
  start           3   56[COMRAM] PTR 
  end             3   59[COMRAM] PTR 
  size            2   62[COMRAM] int 
 Auto vars:     Size  Location     Type
  i               2   66[COMRAM] int 
 Return value:  Size  Location     Type
		None               void
 Registers used:
		wreg, fsr2l, fsr2h, status,2, status,0, prodl, prodh, cstack
 Tracked objects:
		On entry : 
		On exit  : 
		Unchanged: 
 Data sizes:     COMRAM   BANK0   BANK1   BANK2   BANK3   BANK4   BANK5   BANK6   BANK7
      Params:        10       0       0       0       0       0       0       0       0
      Locals:         2       0       0       0       0       0       0       0       0
      Temps:          2       0       0       0       0       0       0       0       0
      Totals:        14       0       0       0       0       0       0       0       0
Total ram usage:       14 bytes
 Hardware stack levels used:    1
 Hardware stack levels required when called:    2
 This function calls:
		___awtoft
		___ftadd
		___ftdiv
		___ftmul
		___wmul
 This function is called by:
		_fuzzy_system_single2
		_fuzzy_system_single1
		_fuzzy_system
		_fuzzy_system_single
 This function uses a non-reentrant model


 *************** function ___awtoft *****************
 Defined at:
		line 32 in file "C:\Program Files\Microchip\xc8\v1.33\sources\common\awtoft.c"
 Parameters:    Size  Location     Type
  c               2    8[COMRAM] int 
 Auto vars:     Size  Location     Type
  sign            1   11[COMRAM] unsigned char 
 Return value:  Size  Location     Type
                  3    8[COMRAM] float 
 Registers used:
		wreg, status,2, status,0, prodl, cstack
 Tracked objects:
		On entry : 
		On exit  : 
		Unchanged: 
 Data sizes:     COMRAM   BANK0   BANK1   BANK2   BANK3   BANK4   BANK5   BANK6   BANK7
      Params:         3       0       0       0       0       0       0       0       0
      Locals:         1       0       0       0       0       0       0       0       0
      Temps:          0       0       0       0       0       0       0       0       0
      Totals:         4       0       0       0       0       0       0       0       0
Total ram usage:        4 bytes
 Hardware stack levels used:    1
 Hardware stack levels required when called:    1
 This function calls:
		___ftpack
 This function is called by:
		_main
		_linspace
 This function uses a non-reentrant model


 *************** function _defuzzy *****************
 Defined at:
		line 147 in file "fuzzy.c"
 Parameters:    Size  Location     Type
  x               2   54[COMRAM] PTR 
		 -> fuzzy_system_single1@y(120), fuzzy_system_single2@y(120), fuzzy_system_single@y(120), fuzzy_system@y(120), 
  mf              2   56[COMRAM] PTR 
		 -> fuzzy_system_single1@overall_out_mf(120), fuzzy_system_single2@overall_out_mf(120), fuzzy_system_single@overall_out_mf(120), fuzzy_system@overall_out_mf(120), 
 Auto vars:     Size  Location     Type
  sum2            3   64[COMRAM] PTR 
  sum1            3   61[COMRAM] PTR 
  out             3   58[COMRAM] PTR 
  i               2   67[COMRAM] int 
 Return value:  Size  Location     Type
                  3   54[COMRAM] int 
 Registers used:
		wreg, fsr2l, fsr2h, status,2, status,0, prodl, prodh, cstack
 Tracked objects:
		On entry : 
		On exit  : 
		Unchanged: 
 Data sizes:     COMRAM   BANK0   BANK1   BANK2   BANK3   BANK4   BANK5   BANK6   BANK7
      Params:         4       0       0       0       0       0       0       0       0
      Locals:        11       0       0       0       0       0       0       0       0
      Temps:          0       0       0       0       0       0       0       0       0
      Totals:        15       0       0       0       0       0       0       0       0
Total ram usage:       15 bytes
 Hardware stack levels used:    1
 Hardware stack levels required when called:    2
 This function calls:
		___ftadd
		___ftdiv
		___ftmul
		___wmul
 This function is called by:
		_fuzzy_system_single2
		_fuzzy_system_single1
		_fuzzy_system
		_fuzzy_system_single
 This function uses a non-reentrant model


 *************** function ___wmul *****************
 Defined at:
		line 15 in file "C:\Program Files\Microchip\xc8\v1.33\sources\common\Umul16.c"
 Parameters:    Size  Location     Type
  multiplier      2    0[COMRAM] unsigned int 
  multiplicand    2    2[COMRAM] unsigned int 
 Auto vars:     Size  Location     Type
  product         2    4[COMRAM] unsigned int 
 Return value:  Size  Location     Type
                  2    0[COMRAM] unsigned int 
 Registers used:
		wreg, status,2, status,0, prodl, prodh
 Tracked objects:
		On entry : 
		On exit  : 
		Unchanged: 
 Data sizes:     COMRAM   BANK0   BANK1   BANK2   BANK3   BANK4   BANK5   BANK6   BANK7
      Params:         4       0       0       0       0       0       0       0       0
      Locals:         2       0       0       0       0       0       0       0       0
      Temps:          0       0       0       0       0       0       0       0       0
      Totals:         6       0       0       0       0       0       0       0       0
Total ram usage:        6 bytes
 Hardware stack levels used:    1
 This function calls:
		Nothing
 This function is called by:
		_linspace
		_tri_mf
		_qualified
		_out_mf
		_defuzzy
		_minimo
		_maximo
		_trap_mf
		_fuzzy_system
 This function uses a non-reentrant model


 *************** function ___ftmul *****************
 Defined at:
		line 62 in file "C:\Program Files\Microchip\xc8\v1.33\sources\common\ftmul.c"
 Parameters:    Size  Location     Type
  f1              3   12[COMRAM] float 
  f2              3   15[COMRAM] float 
 Auto vars:     Size  Location     Type
  f3_as_produc    3   22[COMRAM] unsigned um
  sign            1   26[COMRAM] unsigned char 
  cntr            1   25[COMRAM] unsigned char 
  exp             1   21[COMRAM] unsigned char 
 Return value:  Size  Location     Type
                  3   12[COMRAM] float 
 Registers used:
		wreg, status,2, status,0, cstack
 Tracked objects:
		On entry : 
		On exit  : 
		Unchanged: 
 Data sizes:     COMRAM   BANK0   BANK1   BANK2   BANK3   BANK4   BANK5   BANK6   BANK7
      Params:         6       0       0       0       0       0       0       0       0
      Locals:         6       0       0       0       0       0       0       0       0
      Temps:          3       0       0       0       0       0       0       0       0
      Totals:        15       0       0       0       0       0       0       0       0
Total ram usage:       15 bytes
 Hardware stack levels used:    1
 Hardware stack levels required when called:    1
 This function calls:
		___ftpack
 This function is called by:
		_linspace
		_defuzzy
		_PWM_DutyCycle1
		_PWM_DutyCycle2
 This function uses a non-reentrant model


 *************** function ___ftdiv *****************
 Defined at:
		line 49 in file "C:\Program Files\Microchip\xc8\v1.33\sources\common\ftdiv.c"
 Parameters:    Size  Location     Type
  f1              3   39[COMRAM] float 
  f2              3   42[COMRAM] float 
 Auto vars:     Size  Location     Type
  f3              3   49[COMRAM] float 
  sign            1   53[COMRAM] unsigned char 
  exp             1   52[COMRAM] unsigned char 
  cntr            1   48[COMRAM] unsigned char 
 Return value:  Size  Location     Type
                  3   39[COMRAM] float 
 Registers used:
		wreg, status,2, status,0, cstack
 Tracked objects:
		On entry : 
		On exit  : 
		Unchanged: 
 Data sizes:     COMRAM   BANK0   BANK1   BANK2   BANK3   BANK4   BANK5   BANK6   BANK7
      Params:         6       0       0       0       0       0       0       0       0
      Locals:         6       0       0       0       0       0       0       0       0
      Temps:          3       0       0       0       0       0       0       0       0
      Totals:        15       0       0       0       0       0       0       0       0
Total ram usage:       15 bytes
 Hardware stack levels used:    1
 Hardware stack levels required when called:    1
 This function calls:
		___ftpack
 This function is called by:
		_linspace
		_triangular
		_defuzzy
		_trapezoidal
 This function uses a non-reentrant model


 *************** function ___ftadd *****************
 Defined at:
		line 86 in file "C:\Program Files\Microchip\xc8\v1.33\sources\common\ftadd.c"
 Parameters:    Size  Location     Type
  f1              3   27[COMRAM] float 
  f2              3   30[COMRAM] float 
 Auto vars:     Size  Location     Type
  exp1            1   38[COMRAM] unsigned char 
  exp2            1   37[COMRAM] unsigned char 
  sign            1   36[COMRAM] unsigned char 
 Return value:  Size  Location     Type
                  3   27[COMRAM] float 
 Registers used:
		wreg, status,2, status,0, cstack
 Tracked objects:
		On entry : 
		On exit  : 
		Unchanged: 
 Data sizes:     COMRAM   BANK0   BANK1   BANK2   BANK3   BANK4   BANK5   BANK6   BANK7
      Params:         6       0       0       0       0       0       0       0       0
      Locals:         3       0       0       0       0       0       0       0       0
      Temps:          3       0       0       0       0       0       0       0       0
      Totals:        12       0       0       0       0       0       0       0       0
Total ram usage:       12 bytes
 Hardware stack levels used:    1
 Hardware stack levels required when called:    1
 This function calls:
		___ftpack
 This function is called by:
		_linspace
		_triangular
		_defuzzy
		_trapezoidal
 This function uses a non-reentrant model


 *************** function ___ftpack *****************
 Defined at:
		line 62 in file "C:\Program Files\Microchip\xc8\v1.33\sources\common\float.c"
 Parameters:    Size  Location     Type
  arg             3    0[COMRAM] unsigned um
  exp             1    3[COMRAM] unsigned char 
  sign            1    4[COMRAM] unsigned char 
 Auto vars:     Size  Location     Type
		None
 Return value:  Size  Location     Type
                  3    0[COMRAM] float 
 Registers used:
		wreg, status,2, status,0
 Tracked objects:
		On entry : 
		On exit  : 
		Unchanged: 
 Data sizes:     COMRAM   BANK0   BANK1   BANK2   BANK3   BANK4   BANK5   BANK6   BANK7
      Params:         5       0       0       0       0       0       0       0       0
      Locals:         0       0       0       0       0       0       0       0       0
      Temps:          3       0       0       0       0       0       0       0       0
      Totals:         8       0       0       0       0       0       0       0       0
Total ram usage:        8 bytes
 Hardware stack levels used:    1
 This function calls:
		Nothing
 This function is called by:
		___awtoft
		___ftadd
		___ftdiv
		___ftmul
		___lbtoft
 This function uses a non-reentrant model



MODULE INFORMATION

Module		Function		Class		Link	Load	Size
C:\Program Files\Microchip\xc8\v1.33\sources\common\ftge.c
		___ftge        		CODE           	68BC	0000	144

C:\Program Files\Microchip\xc8\v1.33\sources\common\ftge.c estimated size: 144

C:\Program Files\Microchip\xc8\v1.33\sources\pic18\plib\PWM\pw1setdc.c
		_SetDCPWM1     		CODE           	66F2	0000	58

C:\Program Files\Microchip\xc8\v1.33\sources\pic18\plib\PWM\pw1setdc.c estimated size: 58

C:\Program Files\Microchip\xc8\v1.33\sources\pic18\plib\PWM\pw1open.c
		_OpenPWM1      		CODE           	65F6	0000	18

C:\Program Files\Microchip\xc8\v1.33\sources\pic18\plib\PWM\pw1open.c estimated size: 18

C:\Program Files\Microchip\xc8\v1.33\sources\common\ftmul.c
		___ftmul       		CODE           	6DBE	0000	228

C:\Program Files\Microchip\xc8\v1.33\sources\common\ftmul.c estimated size: 228

fuzzy.c
		_fuzzy_system_s		CODE           	78FC	0000	898
		_fuzzy_system_s		CODE           	7C7E	0000	898
		_tri_mf        		CODE           	708C	0000	290
		_triangular    		CODE           	74BC	0000	486
		_qualified     		CODE           	6EA2	0000	232
		_out_mf        		CODE           	76A2	0000	602
		_linspace      		CODE           	6F8A	0000	258
		_defuzzy       		CODE           	71AE	0000	354

fuzzy.c estimated size: 4018

C:\Program Files\Microchip\xc8\v1.33\sources\common\ftdiv.c
		___ftdiv       		CODE           	6CE8	0000	214

C:\Program Files\Microchip\xc8\v1.33\sources\common\ftdiv.c estimated size: 214

C:\Program Files\Microchip\xc8\v1.33\sources\common\awtoft.c
		___awtoft      		CODE           	67A0	0000	72

C:\Program Files\Microchip\xc8\v1.33\sources\common\awtoft.c estimated size: 72

C:\Program Files\Microchip\xc8\v1.33\sources\common\lbtoft.c
		___lbtoft      		CODE           	6658	0000	36

C:\Program Files\Microchip\xc8\v1.33\sources\common\lbtoft.c estimated size: 36

pwm.c
		_PWM_DutyCycle1		CODE           	67E8	0000	106
		_PWM_DutyCycle2		CODE           	6852	0000	106
		_PWM_init1     		CODE           	661C	0000	30
		_PWM_init2     		CODE           	663A	0000	30

pwm.c estimated size: 272

funciones.c
		_mcu_init      		CODE           	694C	0000	158

funciones.c estimated size: 158

C:\Program Files\Microchip\xc8\v1.33\sources\common\fttol.c
		___fttol       		CODE           	6C14	0000	212

C:\Program Files\Microchip\xc8\v1.33\sources\common\fttol.c estimated size: 212

motor.c
		_motor_Backforw		CODE           	65E2	0000	10
		_motor_forward 		CODE           	65EC	0000	10

motor.c estimated size: 20

C:\Program Files\Microchip\xc8\v1.33\sources\common\ftadd.c
		___ftadd       		CODE           	7310	0000	428

C:\Program Files\Microchip\xc8\v1.33\sources\common\ftadd.c estimated size: 428

shared
		__initializatio		CODE           	66C8	0000	36

shared estimated size: 36

C:\Program Files\Microchip\xc8\v1.33\sources\common\Umul16.c
		___wmul        		CODE           	667C	0000	38

C:\Program Files\Microchip\xc8\v1.33\sources\common\Umul16.c estimated size: 38

C:\Program Files\Microchip\xc8\v1.33\sources\common\ftneg.c
		___ftneg       		CODE           	66A2	0000	38

C:\Program Files\Microchip\xc8\v1.33\sources\common\ftneg.c estimated size: 38

C:\Program Files\Microchip\xc8\v1.33\sources\pic18\plib\PWM\pw2setdc.c
		_SetDCPWM2     		CODE           	672C	0000	58

C:\Program Files\Microchip\xc8\v1.33\sources\pic18\plib\PWM\pw2setdc.c estimated size: 58

C:\Program Files\Microchip\xc8\v1.33\sources\common\float.c
		___ftpack      		CODE           	69EA	0000	168

C:\Program Files\Microchip\xc8\v1.33\sources\common\float.c estimated size: 168

main.c
		_main          		CODE           	6B4A	0000	202

main.c estimated size: 202

C:\Program Files\Microchip\xc8\v1.33\sources\pic18\plib\PWM\pw2open.c
		_OpenPWM2      		CODE           	6766	0000	58

C:\Program Files\Microchip\xc8\v1.33\sources\pic18\plib\PWM\pw2open.c estimated size: 58

cny70.c
		_getCNY70Value 		CODE           	6A92	0000	184
		_go_back       		CODE           	6608	0000	20

cny70.c estimated size: 204

